"maps\dod_4e_anduze.bsp"
"maps\graphs\dod_4e_anduze.ain"
"maps/dod_4e_anduze.res"
"materials/models/surgeon/blitzdesert.vmt"
"materials/models/surgeon/blitzdesert.vtf"
"materials/models/surgeon/blitzgrey.vmt"
"materials/models/surgeon/blitzgrey.vtf"
"materials/models/surgeon/blitzwindows.vmt"
"materials/models/surgeon/citroen.vmt"
"materials/models/surgeon/citroen.vtf"
"materials/models/surgeon/citroen_int.vmt"
"materials/models/surgeon/citroen_int.vtf"
"materials/models/surgeon/citroen_windows.vmt"
"materials/models/surgeon/citroen_windows2.vmt"
"materials/models/surgeon/citroen_windows2.vtf"
"materials/models/surgeon/citroen_windows3.vmt"
"materials/models/surgeon/citroen_windows3.vtf"
"models/surgeon/citroen.dx80.vtx"
"models/surgeon/citroen.dx90.vtx"
"models/surgeon/citroen.vvd"
"models/surgeon/citroen.sw.vtx"
"models/surgeon/citroen.phy"
"models/surgeon/citroen.mdl"
"models/surgeon/opelblitz_a.dx80.vtx"
"models/surgeon/opelblitz_a.dx90.vtx"
"models/surgeon/opelblitz_a.vvd"
"models/surgeon/opelblitz_a.sw.vtx"
"models/surgeon/opelblitz_a.phy"
"models/surgeon/opelblitz_a.mdl"
